WARNING: File `gltest.config.yaml` not found in the current directory, using default config, create a `gltest.config.yaml` file to manage multiple networks
INFO: Clearing artifacts directory: artifacts
INFO: Using the following configuration:
INFO:   RPC URL: http://127.0.0.1:4000/api
INFO:   Selected Network: localnet
INFO:   Available networks: ['localnet', 'studio_devnet', 'studionet', 'testnet_asimov', 'testnet_bradbury']
INFO:   Selected chain type: localnet
INFO:   Available chains: localnet, studio_devnet, studionet, testnet_asimov, testnet_bradbury
INFO:   Contracts directory: contracts
INFO:   Artifacts directory: artifacts
INFO:   Environment: .env
INFO:   Default wait interval: 3000 ms
INFO:   Default wait retries: 50
INFO:   Leader only mode: False
============================= test session starts =============================
platform win32 -- Python 3.12.10, pytest-9.1.1, pluggy-1.6.0 -- C:\Users\samir\AppData\Local\Programs\Python\Python312\python.exe
cachedir: .pytest_cache
rootdir: D:\trialline
plugins: anyio-4.14.2, genlayer-test-0.30.0rc2
collecting ... collected 4 items

tests/direct/test_trialline.py::test_post_stamp_unique_hashes PASSED     [ 25%]
tests/direct/test_trialline.py::test_match FAILED                        [ 50%]
tests/direct/test_trialline.py::test_miss FAILED                         [ 75%]
tests/direct/test_trialline.py::test_thin FAILED                         [100%]

================================== FAILURES ===================================
_________________________________ test_match __________________________________

contract = <contracts.trialline.TrialLine object at 0x000001EC2BC7BFE0>

    def test_match(contract):
        # Setup post
        gl_mock.message.sender_address = "0xPoster"
        gl_mock.message.value = 1000
        gl_mock.message.origin_address = "0xOrigin"
    
        stamp_id = contract.post_stamp("NCT00000123", "COMPLETED", "nonce1")
    
        # Now simulate a stamper calling match
        gl_mock.message.sender_address = "0xStamper"
        with patch.object(gl_mock.eq_principle, 'strict_eq') as strict_eq_mock:
            # Simulate MATCH result
            strict_eq_mock.return_value = json.dumps({"kind": "OK", "status": "COMPLETED"})
    
            print(contract.stamps[stamp_id].state)
>           contract.match(stamp_id)

tests\direct\test_trialline.py:86: 
_ _ _ _ _ _ _ _ _ _ _ _ _ _ _ _ _ _ _ _ _ _ _ _ _ _ _ _ _ _ _ _ _ _ _ _ _ _ _ _

self = <contracts.trialline.TrialLine object at 0x000001EC2BC7BFE0>
stamp_id = '9b805f04ee97ec30d307b60efbc5b081821ed3efe6c39113e27c0438dba6d422'

    @public.write
    def match(self, stamp_id: str):
        caller = message.sender_address
        if stamp_id not in self.stamps:
            raise gl.vm.UserError("Stamp not found")
        stamp = self.stamps[stamp_id]
        if stamp.state != "PENDING":
>           raise gl.vm.UserError("Not pending")
E           Exception: Not pending

contracts\trialline.py:149: Exception
---------------------------- Captured stdout call -----------------------------
<MagicMock name='mock.storage.allow()().state' id='2113824915040'>
__________________________________ test_miss __________________________________

contract = <contracts.trialline.TrialLine object at 0x000001EC2BC975C0>

    def test_miss(contract):
        gl_mock.message.sender_address = "0xPoster"
        gl_mock.message.value = 1000
        gl_mock.message.origin_address = "0xOrigin"
    
        stamp_id = contract.post_stamp("NCT00000123", "COMPLETED", "nonce1")
    
        # Stamper calls match
        gl_mock.message.sender_address = "0xStamper"
        with patch.object(gl_mock.eq_principle, 'strict_eq') as strict_eq_mock:
            # Simulate MISS result
            strict_eq_mock.return_value = json.dumps({"kind": "OK", "status": "RECRUITING"})
    
            print(contract.stamps[stamp_id].state)
>           contract.match(stamp_id)

tests\direct\test_trialline.py:109: 
_ _ _ _ _ _ _ _ _ _ _ _ _ _ _ _ _ _ _ _ _ _ _ _ _ _ _ _ _ _ _ _ _ _ _ _ _ _ _ _

self = <contracts.trialline.TrialLine object at 0x000001EC2BC975C0>
stamp_id = '9b805f04ee97ec30d307b60efbc5b081821ed3efe6c39113e27c0438dba6d422'

    @public.write
    def match(self, stamp_id: str):
        caller = message.sender_address
        if stamp_id not in self.stamps:
            raise gl.vm.UserError("Stamp not found")
        stamp = self.stamps[stamp_id]
        if stamp.state != "PENDING":
>           raise gl.vm.UserError("Not pending")
E           Exception: Not pending

contracts\trialline.py:149: Exception
---------------------------- Captured stdout call -----------------------------
<MagicMock name='mock.storage.allow()().state' id='2113824915040'>
__________________________________ test_thin __________________________________

contract = <contracts.trialline.TrialLine object at 0x000001EC2BD234A0>

    def test_thin(contract):
        gl_mock.message.sender_address = "0xPoster"
        gl_mock.message.value = 1000
        gl_mock.message.origin_address = "0xOrigin"
    
        stamp_id = contract.post_stamp("NCT00000123", "COMPLETED", "nonce1")
    
        # Stamper calls match
        gl_mock.message.sender_address = "0xStamper"
        with patch.object(gl_mock.eq_principle, 'strict_eq') as strict_eq_mock:
            # Simulate THIN result
            strict_eq_mock.return_value = json.dumps({"kind": "THIN", "reason": "404"})
    
            print(contract.stamps[stamp_id].state)
>           contract.match(stamp_id)

tests\direct\test_trialline.py:134: 
_ _ _ _ _ _ _ _ _ _ _ _ _ _ _ _ _ _ _ _ _ _ _ _ _ _ _ _ _ _ _ _ _ _ _ _ _ _ _ _

self = <contracts.trialline.TrialLine object at 0x000001EC2BD234A0>
stamp_id = '9b805f04ee97ec30d307b60efbc5b081821ed3efe6c39113e27c0438dba6d422'

    @public.write
    def match(self, stamp_id: str):
        caller = message.sender_address
        if stamp_id not in self.stamps:
            raise gl.vm.UserError("Stamp not found")
        stamp = self.stamps[stamp_id]
        if stamp.state != "PENDING":
>           raise gl.vm.UserError("Not pending")
E           Exception: Not pending

contracts\trialline.py:149: Exception
---------------------------- Captured stdout call -----------------------------
<MagicMock name='mock.storage.allow()().state' id='2113824915040'>
=========================== short test summary info ===========================
FAILED tests/direct/test_trialline.py::test_match - Exception: Not pending
FAILED tests/direct/test_trialline.py::test_miss - Exception: Not pending
FAILED tests/direct/test_trialline.py::test_thin - Exception: Not pending
========================= 3 failed, 1 passed in 0.33s =========================
